// Jest Snapshot v1, https://goo.gl/fbAQLP

exports[`renders correctly 1`] = `
<form
  className="Form"
  onSubmit={[Function]}
>
  <input
    type="text"
  />
  <button
    className="Button"
  >
    Add Todo
  </button>
</form>
`;
